2026-05-15T11:30:30.747Z [ERROR]: Error: user_exists
    at C:\xampp\htdocs\codes\pixelforge\pixelforge-node\src\routes\auth.js:28:13
    at process.processTicksAndRejections (node:internal/process/task_queues:105:5)
2026-05-15T11:30:35.525Z [ERROR]: Error: user_exists
    at C:\xampp\htdocs\codes\pixelforge\pixelforge-node\src\routes\auth.js:28:13
    at process.processTicksAndRejections (node:internal/process/task_queues:105:5)
2026-05-15T11:30:50.567Z [ERROR]: Error: email_not_verified
    at C:\xampp\htdocs\codes\pixelforge\pixelforge-node\src\routes\auth.js:89:13
    at process.processTicksAndRejections (node:internal/process/task_queues:105:5)
2026-05-15T11:49:31.717Z [ERROR]: Error: invalid_token
    at C:\xampp\htdocs\codes\pixelforge\pixelforge-node\src\routes\auth.js:197:13
    at process.processTicksAndRejections (node:internal/process/task_queues:105:5)
2026-05-15T11:49:34.649Z [ERROR]: Error: invalid_token
    at C:\xampp\htdocs\codes\pixelforge\pixelforge-node\src\routes\auth.js:197:13
    at process.processTicksAndRejections (node:internal/process/task_queues:105:5)
2026-05-15T12:18:34.908Z [ERROR]: Error: cheat_detected
    at C:\xampp\htdocs\codes\pixelforge\pixelforge-node\src\routes\game.js:119:13
    at process.processTicksAndRejections (node:internal/process/task_queues:105:5)
2026-05-15T12:18:36.895Z [ERROR]: Error: session_exists
    at C:\xampp\htdocs\codes\pixelforge\pixelforge-node\src\routes\game.js:22:13
    at process.processTicksAndRejections (node:internal/process/task_queues:105:5)
2026-05-15T12:18:49.883Z [ERROR]: Error: cheat_detected
    at C:\xampp\htdocs\codes\pixelforge\pixelforge-node\src\routes\game.js:119:13
    at process.processTicksAndRejections (node:internal/process/task_queues:105:5)
2026-05-15T12:19:44.409Z [ERROR]: Error: session_exists
    at C:\xampp\htdocs\codes\pixelforge\pixelforge-node\src\routes\game.js:22:13
    at process.processTicksAndRejections (node:internal/process/task_queues:105:5)
2026-05-15T12:19:59.348Z [ERROR]: Error: session_exists
    at C:\xampp\htdocs\codes\pixelforge\pixelforge-node\src\routes\game.js:22:13
    at process.processTicksAndRejections (node:internal/process/task_queues:105:5)
2026-05-15T12:20:49.355Z [ERROR]: Error: session_exists
    at C:\xampp\htdocs\codes\pixelforge\pixelforge-node\src\routes\game.js:22:13
    at process.processTicksAndRejections (node:internal/process/task_queues:105:5)
2026-05-15T12:28:49.691Z [ERROR]: Error: cheat_detected
    at C:\xampp\htdocs\codes\pixelforge\pixelforge-node\src\routes\game.js:119:13
    at process.processTicksAndRejections (node:internal/process/task_queues:105:5)
2026-05-15T12:28:52.144Z [ERROR]: Error: session_exists
    at C:\xampp\htdocs\codes\pixelforge\pixelforge-node\src\routes\game.js:22:13
    at process.processTicksAndRejections (node:internal/process/task_queues:105:5)
2026-05-15T14:41:37.399Z [ERROR]: Error: cheat_detected
    at C:\xampp\htdocs\codes\pixelforge\pixelforge-node\src\routes\game.js:119:13
    at process.processTicksAndRejections (node:internal/process/task_queues:105:5)
2026-05-15T14:41:41.717Z [ERROR]: Error: session_exists
    at C:\xampp\htdocs\codes\pixelforge\pixelforge-node\src\routes\game.js:22:13
    at process.processTicksAndRejections (node:internal/process/task_queues:105:5)
2026-05-15T14:42:04.504Z [ERROR]: Error: cheat_detected
    at C:\xampp\htdocs\codes\pixelforge\pixelforge-node\src\routes\game.js:119:13
    at process.processTicksAndRejections (node:internal/process/task_queues:105:5)
2026-05-15T14:44:41.245Z [ERROR]: Error: session_exists
    at C:\xampp\htdocs\codes\pixelforge\pixelforge-node\src\routes\game.js:22:13
    at process.processTicksAndRejections (node:internal/process/task_queues:105:5)
2026-05-15T15:10:57.953Z [ERROR]: Error: cheat_detected
    at C:\xampp\htdocs\codes\pixelforge\pixelforge-node\src\routes\game.js:119:13
    at process.processTicksAndRejections (node:internal/process/task_queues:105:5)
2026-05-15T15:11:00.978Z [ERROR]: Error: session_exists
    at C:\xampp\htdocs\codes\pixelforge\pixelforge-node\src\routes\game.js:22:13
    at process.processTicksAndRejections (node:internal/process/task_queues:105:5)
2026-05-15T15:22:56.094Z [ERROR]: Error: insufficient_pxl
    at C:\xampp\htdocs\codes\pixelforge\pixelforge-node\src\routes\grid.js:83:13
    at process.processTicksAndRejections (node:internal/process/task_queues:105:5)
2026-05-15T15:22:56.310Z [ERROR]: Error: insufficient_pxl
    at C:\xampp\htdocs\codes\pixelforge\pixelforge-node\src\routes\grid.js:83:13
    at process.processTicksAndRejections (node:internal/process/task_queues:105:5)
2026-05-15T15:22:56.527Z [ERROR]: Error: insufficient_pxl
    at C:\xampp\htdocs\codes\pixelforge\pixelforge-node\src\routes\grid.js:83:13
    at process.processTicksAndRejections (node:internal/process/task_queues:105:5)
2026-05-15T15:22:56.743Z [ERROR]: Error: insufficient_pxl
    at C:\xampp\htdocs\codes\pixelforge\pixelforge-node\src\routes\grid.js:83:13
    at process.processTicksAndRejections (node:internal/process/task_queues:105:5)
2026-05-15T15:22:57.052Z [ERROR]: Error: insufficient_pxl
    at C:\xampp\htdocs\codes\pixelforge\pixelforge-node\src\routes\grid.js:83:13
    at process.processTicksAndRejections (node:internal/process/task_queues:105:5)
2026-05-15T15:22:57.271Z [ERROR]: Error: insufficient_pxl
    at C:\xampp\htdocs\codes\pixelforge\pixelforge-node\src\routes\grid.js:83:13
    at process.processTicksAndRejections (node:internal/process/task_queues:105:5)
2026-05-15T15:22:57.490Z [ERROR]: Error: insufficient_pxl
    at C:\xampp\htdocs\codes\pixelforge\pixelforge-node\src\routes\grid.js:83:13
    at process.processTicksAndRejections (node:internal/process/task_queues:105:5)
2026-05-15T15:22:57.711Z [ERROR]: Error: insufficient_pxl
    at C:\xampp\htdocs\codes\pixelforge\pixelforge-node\src\routes\grid.js:83:13
    at process.processTicksAndRejections (node:internal/process/task_queues:105:5)
2026-05-15T15:22:57.923Z [ERROR]: Error: insufficient_pxl
    at C:\xampp\htdocs\codes\pixelforge\pixelforge-node\src\routes\grid.js:83:13
    at process.processTicksAndRejections (node:internal/process/task_queues:105:5)
2026-05-15T15:22:58.143Z [ERROR]: Error: insufficient_pxl
    at C:\xampp\htdocs\codes\pixelforge\pixelforge-node\src\routes\grid.js:83:13
    at process.processTicksAndRejections (node:internal/process/task_queues:105:5)
2026-05-15T15:22:58.363Z [ERROR]: Error: insufficient_pxl
    at C:\xampp\htdocs\codes\pixelforge\pixelforge-node\src\routes\grid.js:83:13
    at process.processTicksAndRejections (node:internal/process/task_queues:105:5)
2026-05-15T15:23:20.733Z [ERROR]: Error: cheat_detected
    at C:\xampp\htdocs\codes\pixelforge\pixelforge-node\src\routes\game.js:119:13
    at process.processTicksAndRejections (node:internal/process/task_queues:105:5)
2026-05-15T15:23:25.554Z [ERROR]: Error: session_exists
    at C:\xampp\htdocs\codes\pixelforge\pixelforge-node\src\routes\game.js:22:13
    at process.processTicksAndRejections (node:internal/process/task_queues:105:5)
2026-05-15T15:23:52.458Z [ERROR]: Error: cheat_detected
    at C:\xampp\htdocs\codes\pixelforge\pixelforge-node\src\routes\game.js:119:13
    at process.processTicksAndRejections (node:internal/process/task_queues:105:5)
2026-05-15T15:29:08.775Z [ERROR]: Error: session_exists
    at C:\xampp\htdocs\codes\pixelforge\pixelforge-node\src\routes\game.js:22:13
    at process.processTicksAndRejections (node:internal/process/task_queues:105:5)
2026-05-15T15:30:03.776Z [ERROR]: Error: insufficient_pxl
    at C:\xampp\htdocs\codes\pixelforge\pixelforge-node\src\routes\grid.js:83:13
    at process.processTicksAndRejections (node:internal/process/task_queues:105:5)
2026-05-15T15:30:04.209Z [ERROR]: Error: insufficient_pxl
    at C:\xampp\htdocs\codes\pixelforge\pixelforge-node\src\routes\grid.js:83:13
    at process.processTicksAndRejections (node:internal/process/task_queues:105:5)
2026-05-15T15:30:04.551Z [ERROR]: Error: insufficient_pxl
    at C:\xampp\htdocs\codes\pixelforge\pixelforge-node\src\routes\grid.js:83:13
    at process.processTicksAndRejections (node:internal/process/task_queues:105:5)
2026-05-15T15:30:04.738Z [ERROR]: Error: insufficient_pxl
    at C:\xampp\htdocs\codes\pixelforge\pixelforge-node\src\routes\grid.js:83:13
    at process.processTicksAndRejections (node:internal/process/task_queues:105:5)
2026-05-15T15:30:04.957Z [ERROR]: Error: insufficient_pxl
    at C:\xampp\htdocs\codes\pixelforge\pixelforge-node\src\routes\grid.js:83:13
    at process.processTicksAndRejections (node:internal/process/task_queues:105:5)
2026-05-15T15:33:17.915Z [ERROR]: Error: cheat_detected
    at C:\xampp\htdocs\codes\pixelforge\pixelforge-node\src\routes\game.js:119:13
    at process.processTicksAndRejections (node:internal/process/task_queues:105:5)
2026-05-15T15:33:21.155Z [ERROR]: Error: session_exists
    at C:\xampp\htdocs\codes\pixelforge\pixelforge-node\src\routes\game.js:22:13
    at process.processTicksAndRejections (node:internal/process/task_queues:105:5)
2026-05-15T15:33:49.312Z [ERROR]: Error: cheat_detected
    at C:\xampp\htdocs\codes\pixelforge\pixelforge-node\src\routes\game.js:119:13
    at process.processTicksAndRejections (node:internal/process/task_queues:105:5)
2026-05-15T15:33:51.772Z [ERROR]: Error: session_exists
    at C:\xampp\htdocs\codes\pixelforge\pixelforge-node\src\routes\game.js:22:13
    at process.processTicksAndRejections (node:internal/process/task_queues:105:5)
2026-05-15T15:34:42.968Z [ERROR]: Error: session_exists
    at C:\xampp\htdocs\codes\pixelforge\pixelforge-node\src\routes\game.js:22:13
    at process.processTicksAndRejections (node:internal/process/task_queues:105:5)
2026-05-15T15:35:31.530Z [ERROR]: Error: session_exists
    at C:\xampp\htdocs\codes\pixelforge\pixelforge-node\src\routes\game.js:22:13
    at process.processTicksAndRejections (node:internal/process/task_queues:105:5)
2026-05-15T15:37:49.670Z [ERROR]: Error: session_exists
    at C:\xampp\htdocs\codes\pixelforge\pixelforge-node\src\routes\game.js:22:13
    at process.processTicksAndRejections (node:internal/process/task_queues:105:5)
2026-05-15T15:39:56.150Z [ERROR]: Error: cheat_detected
    at C:\xampp\htdocs\codes\pixelforge\pixelforge-node\src\routes\game.js:122:13
    at process.processTicksAndRejections (node:internal/process/task_queues:105:5)
2026-05-15T15:42:14.568Z [ERROR]: Error: invalid_score
    at C:\xampp\htdocs\codes\pixelforge\pixelforge-node\src\routes\game.js:140:13
    at process.processTicksAndRejections (node:internal/process/task_queues:105:5)
2026-05-15T15:45:06.753Z [ERROR]: Error: invalid_score
    at C:\xampp\htdocs\codes\pixelforge\pixelforge-node\src\routes\game.js:140:13
    at process.processTicksAndRejections (node:internal/process/task_queues:105:5)
